// Jest Snapshot v1, https://goo.gl/fbAQLP

exports[`Calculator renders correctly 1`] = `
<div
  className="main-wrapper"
>
  <table>
    <tbody>
      <tr>
        <th
          className="inputHead"
          colSpan="4"
        >
           
          <div
            className="input_output_textBox"
            data-testid="display"
            onChange={[Function]}
          >
            0
          </div>
        </th>
      </tr>
      <tr>
        <th
          onClick={[Function]}
        >
          AC
        </th>
        <th
          onClick={[Function]}
        >
          +/-
        </th>
        <th
          onClick={[Function]}
        >
          %
        </th>
        <th
          className="orange"
          onClick={[Function]}
        >
          รท
        </th>
      </tr>
      <tr>
        <th
          onClick={[Function]}
        >
          7
        </th>
        <th
          onClick={[Function]}
        >
          8
        </th>
        <th
          onClick={[Function]}
        >
          9
        </th>
        <th
          className="orange"
          onClick={[Function]}
        >
          x
        </th>
      </tr>
      <tr>
        <th
          onClick={[Function]}
        >
          4
        </th>
        <th
          onClick={[Function]}
        >
          5
        </th>
        <th
          onClick={[Function]}
        >
          6
        </th>
        <th
          className="orange"
          onClick={[Function]}
        >
          -
        </th>
      </tr>
      <tr>
        <th
          onClick={[Function]}
        >
          1
        </th>
        <th
          onClick={[Function]}
        >
          2
        </th>
        <th
          onClick={[Function]}
        >
          3
        </th>
        <th
          className="orange"
          onClick={[Function]}
        >
          +
        </th>
      </tr>
      <tr>
        <th
          colSpan="2"
          onClick={[Function]}
        >
          0
        </th>
        <th
          onClick={[Function]}
        >
          .
        </th>
        <th
          className="orange"
          onClick={[Function]}
        >
          =
        </th>
      </tr>
    </tbody>
  </table>
</div>
`;
