// Jest Snapshot v1, https://goo.gl/fbAQLP

exports[`renders correctly 1`] = `
<div
  className="homeContainer"
>
  <h1>
     Welcome to the calculate
  </h1>
  <p>
     
    Lorem ipsum dolor sit amet. Et quaerat blanditiis in voluptate atque eos eveniet praesentium est enim sequi qui reiciendis facere. Est odio tenetur est earum odit ea odit voluptatum qui alias corrupti est delectus vero ut voluptatem tenetur hic aspernatur corporis. Ea omnis aspernatur est similique quia est dolorum quia. In rerum iusto non rerum optio aut perspiciatis iure quo dolore provident et accusamus odit aut fuga aperiam At voluptas accusantium
  </p>
  <p>
     
    Lorem ipsum dolor sit amet. Et quaerat blanditiis in voluptate atque eos eveniet praesentium est enim sequi qui reiciendis facere. Est odio tenetur est earum odit ea odit voluptatum qui alias corrupti est delectus vero ut voluptatem tenetur hic aspernatur corporis. Ea omnis aspernatur est similique quia est dolorum quia. In rerum iusto non rerum optio aut perspiciatis iure quo dolore provident et accusamus odit aut fuga aperiam At voluptas accusantium
  </p>
  <p>
     
    Lorem ipsum dolor sit amet. Et quaerat blanditiis in voluptate atque eos eveniet praesentium est enim sequi qui reiciendis facere. Est odio tenetur est earum odit ea odit voluptatum qui alias corrupti est delectus vero ut voluptatem tenetur hic aspernatur corporis. Ea omnis aspernatur est similique quia est dolorum quia. In rerum iusto non rerum optio aut perspiciatis iure quo dolore provident et accusamus odit aut fuga aperiam At voluptas accusantium
  </p>
</div>
`;
