// Jest Snapshot v1, https://goo.gl/fbAQLP

exports[`renders the Menu correctly 1`] = `
<div
  className="navContainer"
>
  <div
    className="mathLogo"
  >
    <a
      href="/"
      onClick={[Function]}
    >
      Math magician
    </a>
  </div>
  <ul
    className="navbar"
  >
    <li
      className="nav-item"
    >
      <a
        href="/"
        onClick={[Function]}
      >
        Home
      </a>
    </li>
    <li
      className="nav-item"
    >
      <a
        href="/Calculator"
        onClick={[Function]}
      >
        Calculator
      </a>
    </li>
    <li
      className="nav-item"
    >
      <a
        href="/Quote"
        onClick={[Function]}
      >
        Quote
      </a>
    </li>
  </ul>
</div>
`;
