// Jest Snapshot v1, https://goo.gl/fbAQLP

exports[`renders Quote correctly 1`] = `
<div
  className="mainWrapper"
>
  <p>
     
    Mathematics is not about number, equation, computation or algorithm. Its about understanding - William Paul
  </p>
</div>
`;
